<?xml version="1.0" encoding="utf-8"?><testsuites><testsuite name="pytest" errors="0" failures="0" skipped="1" tests="15" time="78.531" timestamp="2024-10-03T17:30:46.438716-05:00" hostname="matheuss-mbp-2.guest-network.net"><testcase classname="tests.test_inputs" name="test_ModelContainer_default" file="tests/test_inputs.py" line="12" time="0.023" /><testcase classname="tests.test_inputs" name="test_input_parameter_files" file="tests/test_inputs.py" line="27" time="0.036" /><testcase classname="tests.test_inputs" name="test_argparse" file="tests/test_inputs.py" line="35" time="0.075" /><testcase classname="tests.test_physics" name="test_MB_benchmarks" file="tests/test_physics.py" line="19" time="1.398" /><testcase classname="tests.test_physics" name="test_MB_SM" file="tests/test_physics.py" line="37" time="0.452" /><testcase classname="tests.test_physics" name="test_MB_other_final_states" file="tests/test_physics.py" line="43" time="1.841" /><testcase classname="tests.test_physics" name="test_MB_generic_model" file="tests/test_physics.py" line="73" time="10.180" /><testcase classname="tests.test_physics" name="test_MB_dirt" file="tests/test_physics.py" line="91" time="2.592" /><testcase classname="tests.test_physics" name="test_portal_vs_simplified" file="tests/test_physics.py" line="113" time="0.936" /><testcase classname="tests.test_physics" name="test_xsecs" file="tests/test_physics.py" line="122" time="3.096" /><testcase classname="tests.test_physics" name="test_geometries" file="tests/test_physics.py" line="219" time="0.487" /><testcase classname="tests.test_readoutputs" name="test_output" file="tests/test_readoutputs.py" line="11" time="21.431" /><testcase classname="tests.test_scripts" name="test_dn_gen" file="tests/test_scripts.py" line="9" time="29.702" /><testcase classname="tests.test_scripts" name="test_python_call_to_dngen" file="tests/test_scripts.py" line="28" time="6.217" /><testcase classname="tests.test_scripts" name="test_examples_download" file="tests/test_scripts.py" line="33" time="0.003"><skipped type="pytest.skip" message="Still need to find a way to set up git for venvs">/Users/mhostert/Repos/DarkNews-generator/tests/test_scripts.py:34: Still need to find a way to set up git for venvs</skipped></testcase></testsuite></testsuites>